// Jest Snapshot v1, https://goo.gl/fbAQLP

exports[`renders IconList correctly 1`] = `
<div
  className="wrapper"
>
  <div
    className="header"
  >
    <p
      className="sc-hKgILt gmaETi"
    >
      This is the title
    </p>
  </div>
  <div>
    <div>
      <div
        className="globalDraggableHandle"
        data-id="0"
      >
        <div
          className="wrapper"
        >
          <div
            className="row"
          >
            <div
              className="infoCol"
            >
              <div
                className="draggable"
              >
                <svg
                  aria-labelledby="eds-unfold_more-1"
                  className="sc-kfzAmx blqdWU"
                  fill="#007079"
                  height="24px"
                  name={null}
                  role="img"
                  title="Move"
                  viewBox="0 0 24 24"
                  width="24px"
                  xmlns="http://www.w3.org/2000/svg"
                >
                  <title
                    id="eds-unfold_more-1"
                  >
                    Move
                  </title>
                  <path
                    className="sc-fKFyDc"
                    clipRule="evenodd"
                    d="M15.17 9L12 5.83 8.83 9 7.41 7.59 12 3l4.58 4.59L15.17 9zm-6.34 6L12 18.17 15.17 15l1.42 1.41L12 21l-4.58-4.59L8.83 15z"
                    data-testid="eds-icon-path"
                    fillRule="evenodd"
                    height="24"
                    size={null}
                    transform={null}
                  />
                </svg>
              </div>
              <div
                className="info"
              >
                <p
                  className="sc-hKgILt bCyDSy"
                >
                  Item 0
                </p>
              </div>
            </div>
            <div
              className="iconCol"
            >
              <button
                className="iconButton"
                onClick={[MockFunction]}
              >
                <svg
                  aria-labelledby="eds-link-2"
                  className="sc-kfzAmx blqdWU"
                  fill="#007079"
                  height="24px"
                  name={null}
                  role="img"
                  title="link"
                  viewBox="0 0 24 24"
                  width="24px"
                  xmlns="http://www.w3.org/2000/svg"
                >
                  <title
                    id="eds-link-2"
                  >
                    link
                  </title>
                  <path
                    className="sc-fKFyDc"
                    clipRule="evenodd"
                    d="M11 15H7c-1.65 0-3-1.35-3-3s1.35-3 3-3h4V7H7c-2.76 0-5 2.24-5 5s2.24 5 5 5h4v-2zm6-8h-4v2h4c1.65 0 3 1.35 3 3s-1.35 3-3 3h-4v2h4c2.76 0 5-2.24 5-5s-2.24-5-5-5zm-1 4H8v2h8v-2z"
                    data-testid="eds-icon-path"
                    fillRule="evenodd"
                    height="24"
                    size={null}
                    transform={null}
                  />
                </svg>
              </button>
              <button
                className="iconButton"
                onClick={[MockFunction]}
              >
                <svg
                  aria-labelledby="eds-delete_to_trash-3"
                  className="sc-kfzAmx blqdWU"
                  fill="#007079"
                  height="24px"
                  name={null}
                  role="img"
                  title="delete_to_trash"
                  viewBox="0 0 24 24"
                  width="24px"
                  xmlns="http://www.w3.org/2000/svg"
                >
                  <title
                    id="eds-delete_to_trash-3"
                  >
                    delete_to_trash
                  </title>
                  <path
                    className="sc-fKFyDc"
                    clipRule="evenodd"
                    d="M14.5 3h-5l-1 1H5v2h14V4h-3.5l-1-1zM16 9v10H8V9h8zM6 7h12v12c0 1.1-.9 2-2 2H8c-1.1 0-2-.9-2-2V7z"
                    data-testid="eds-icon-path"
                    fillRule="evenodd"
                    height="24"
                    size={null}
                    transform={null}
                  />
                </svg>
              </button>
              <button
                className="iconButton"
                onClick={[Function]}
              >
                <svg
                  aria-labelledby="eds-more_vertical-4"
                  className="sc-kfzAmx blqdWU"
                  fill="#007079"
                  height="24px"
                  name={null}
                  role="img"
                  title="Expand"
                  viewBox="0 0 24 24"
                  width="24px"
                  xmlns="http://www.w3.org/2000/svg"
                >
                  <title
                    id="eds-more_vertical-4"
                  >
                    Expand
                  </title>
                  <path
                    className="sc-fKFyDc"
                    clipRule="evenodd"
                    d="M12 8c1.1 0 2-.9 2-2s-.9-2-2-2-2 .9-2 2 .9 2 2 2zm0 2c-1.1 0-2 .9-2 2s.9 2 2 2 2-.9 2-2-.9-2-2-2zm-2 8c0-1.1.9-2 2-2s2 .9 2 2-.9 2-2 2-2-.9-2-2z"
                    data-testid="eds-icon-path"
                    fillRule="evenodd"
                    height="24"
                    size={null}
                    transform={null}
                  />
                </svg>
              </button>
            </div>
          </div>
        </div>
      </div>
      <div
        className="globalDraggableHandle"
        data-id="1"
      >
        <div
          className="wrapper"
        >
          <div
            className="row"
          >
            <div
              className="infoCol"
            >
              <div
                className="draggable"
              >
                <svg
                  aria-labelledby="eds-unfold_more-5"
                  className="sc-kfzAmx blqdWU"
                  fill="#007079"
                  height="24px"
                  name={null}
                  role="img"
                  title="Move"
                  viewBox="0 0 24 24"
                  width="24px"
                  xmlns="http://www.w3.org/2000/svg"
                >
                  <title
                    id="eds-unfold_more-5"
                  >
                    Move
                  </title>
                  <path
                    className="sc-fKFyDc"
                    clipRule="evenodd"
                    d="M15.17 9L12 5.83 8.83 9 7.41 7.59 12 3l4.58 4.59L15.17 9zm-6.34 6L12 18.17 15.17 15l1.42 1.41L12 21l-4.58-4.59L8.83 15z"
                    data-testid="eds-icon-path"
                    fillRule="evenodd"
                    height="24"
                    size={null}
                    transform={null}
                  />
                </svg>
              </div>
              <div
                className="info"
              >
                <p
                  className="sc-hKgILt dMHJLh"
                >
                  Subtitle 1
                </p>
              </div>
            </div>
            <div
              className="iconCol"
            >
              <button
                className="iconButton"
                onClick={[MockFunction]}
              >
                <svg
                  aria-labelledby="eds-link-6"
                  className="sc-kfzAmx blqdWU"
                  fill="#007079"
                  height="24px"
                  name={null}
                  role="img"
                  title="link"
                  viewBox="0 0 24 24"
                  width="24px"
                  xmlns="http://www.w3.org/2000/svg"
                >
                  <title
                    id="eds-link-6"
                  >
                    link
                  </title>
                  <path
                    className="sc-fKFyDc"
                    clipRule="evenodd"
                    d="M11 15H7c-1.65 0-3-1.35-3-3s1.35-3 3-3h4V7H7c-2.76 0-5 2.24-5 5s2.24 5 5 5h4v-2zm6-8h-4v2h4c1.65 0 3 1.35 3 3s-1.35 3-3 3h-4v2h4c2.76 0 5-2.24 5-5s-2.24-5-5-5zm-1 4H8v2h8v-2z"
                    data-testid="eds-icon-path"
                    fillRule="evenodd"
                    height="24"
                    size={null}
                    transform={null}
                  />
                </svg>
              </button>
              <button
                className="iconButton"
                onClick={[MockFunction]}
              >
                <svg
                  aria-labelledby="eds-delete_to_trash-7"
                  className="sc-kfzAmx blqdWU"
                  fill="#007079"
                  height="24px"
                  name={null}
                  role="img"
                  title="delete_to_trash"
                  viewBox="0 0 24 24"
                  width="24px"
                  xmlns="http://www.w3.org/2000/svg"
                >
                  <title
                    id="eds-delete_to_trash-7"
                  >
                    delete_to_trash
                  </title>
                  <path
                    className="sc-fKFyDc"
                    clipRule="evenodd"
                    d="M14.5 3h-5l-1 1H5v2h14V4h-3.5l-1-1zM16 9v10H8V9h8zM6 7h12v12c0 1.1-.9 2-2 2H8c-1.1 0-2-.9-2-2V7z"
                    data-testid="eds-icon-path"
                    fillRule="evenodd"
                    height="24"
                    size={null}
                    transform={null}
                  />
                </svg>
              </button>
              <button
                className="iconButton"
                onClick={[Function]}
              >
                <svg
                  aria-labelledby="eds-more_vertical-8"
                  className="sc-kfzAmx blqdWU"
                  fill="#007079"
                  height="24px"
                  name={null}
                  role="img"
                  title="Expand"
                  viewBox="0 0 24 24"
                  width="24px"
                  xmlns="http://www.w3.org/2000/svg"
                >
                  <title
                    id="eds-more_vertical-8"
                  >
                    Expand
                  </title>
                  <path
                    className="sc-fKFyDc"
                    clipRule="evenodd"
                    d="M12 8c1.1 0 2-.9 2-2s-.9-2-2-2-2 .9-2 2 .9 2 2 2zm0 2c-1.1 0-2 .9-2 2s.9 2 2 2 2-.9 2-2-.9-2-2-2zm-2 8c0-1.1.9-2 2-2s2 .9 2 2-.9 2-2 2-2-.9-2-2z"
                    data-testid="eds-icon-path"
                    fillRule="evenodd"
                    height="24"
                    size={null}
                    transform={null}
                  />
                </svg>
              </button>
            </div>
          </div>
        </div>
      </div>
      <div
        className="globalDraggableHandle"
        data-id="2"
      >
        <div
          className="wrapper"
        >
          <div
            className="row"
          >
            <div
              className="infoCol"
            >
              <div
                className="draggable"
              >
                <svg
                  aria-labelledby="eds-unfold_more-9"
                  className="sc-kfzAmx blqdWU"
                  fill="#007079"
                  height="24px"
                  name={null}
                  role="img"
                  title="Move"
                  viewBox="0 0 24 24"
                  width="24px"
                  xmlns="http://www.w3.org/2000/svg"
                >
                  <title
                    id="eds-unfold_more-9"
                  >
                    Move
                  </title>
                  <path
                    className="sc-fKFyDc"
                    clipRule="evenodd"
                    d="M15.17 9L12 5.83 8.83 9 7.41 7.59 12 3l4.58 4.59L15.17 9zm-6.34 6L12 18.17 15.17 15l1.42 1.41L12 21l-4.58-4.59L8.83 15z"
                    data-testid="eds-icon-path"
                    fillRule="evenodd"
                    height="24"
                    size={null}
                    transform={null}
                  />
                </svg>
              </div>
              <div
                className="info"
              />
            </div>
            <div
              className="iconCol"
            >
              <button
                className="iconButton"
                onClick={[MockFunction]}
              >
                <svg
                  aria-labelledby="eds-link-10"
                  className="sc-kfzAmx blqdWU"
                  fill="#007079"
                  height="24px"
                  name={null}
                  role="img"
                  title="link"
                  viewBox="0 0 24 24"
                  width="24px"
                  xmlns="http://www.w3.org/2000/svg"
                >
                  <title
                    id="eds-link-10"
                  >
                    link
                  </title>
                  <path
                    className="sc-fKFyDc"
                    clipRule="evenodd"
                    d="M11 15H7c-1.65 0-3-1.35-3-3s1.35-3 3-3h4V7H7c-2.76 0-5 2.24-5 5s2.24 5 5 5h4v-2zm6-8h-4v2h4c1.65 0 3 1.35 3 3s-1.35 3-3 3h-4v2h4c2.76 0 5-2.24 5-5s-2.24-5-5-5zm-1 4H8v2h8v-2z"
                    data-testid="eds-icon-path"
                    fillRule="evenodd"
                    height="24"
                    size={null}
                    transform={null}
                  />
                </svg>
              </button>
              <button
                className="iconButton"
                onClick={[MockFunction]}
              >
                <svg
                  aria-labelledby="eds-delete_to_trash-11"
                  className="sc-kfzAmx blqdWU"
                  fill="#007079"
                  height="24px"
                  name={null}
                  role="img"
                  title="delete_to_trash"
                  viewBox="0 0 24 24"
                  width="24px"
                  xmlns="http://www.w3.org/2000/svg"
                >
                  <title
                    id="eds-delete_to_trash-11"
                  >
                    delete_to_trash
                  </title>
                  <path
                    className="sc-fKFyDc"
                    clipRule="evenodd"
                    d="M14.5 3h-5l-1 1H5v2h14V4h-3.5l-1-1zM16 9v10H8V9h8zM6 7h12v12c0 1.1-.9 2-2 2H8c-1.1 0-2-.9-2-2V7z"
                    data-testid="eds-icon-path"
                    fillRule="evenodd"
                    height="24"
                    size={null}
                    transform={null}
                  />
                </svg>
              </button>
              <button
                className="iconButton"
                onClick={[Function]}
              >
                <svg
                  aria-labelledby="eds-more_vertical-12"
                  className="sc-kfzAmx blqdWU"
                  fill="#007079"
                  height="24px"
                  name={null}
                  role="img"
                  title="Expand"
                  viewBox="0 0 24 24"
                  width="24px"
                  xmlns="http://www.w3.org/2000/svg"
                >
                  <title
                    id="eds-more_vertical-12"
                  >
                    Expand
                  </title>
                  <path
                    className="sc-fKFyDc"
                    clipRule="evenodd"
                    d="M12 8c1.1 0 2-.9 2-2s-.9-2-2-2-2 .9-2 2 .9 2 2 2zm0 2c-1.1 0-2 .9-2 2s.9 2 2 2 2-.9 2-2-.9-2-2-2zm-2 8c0-1.1.9-2 2-2s2 .9 2 2-.9 2-2 2-2-.9-2-2z"
                    data-testid="eds-icon-path"
                    fillRule="evenodd"
                    height="24"
                    size={null}
                    transform={null}
                  />
                </svg>
              </button>
            </div>
          </div>
        </div>
      </div>
      <div
        className="globalDraggableHandle"
        data-id="3"
      >
        <div
          className="wrapper"
        >
          <div
            className="row"
          >
            <div
              className="infoCol"
            >
              <div
                className="draggable"
              >
                <svg
                  aria-labelledby="eds-unfold_more-13"
                  className="sc-kfzAmx blqdWU"
                  fill="#007079"
                  height="24px"
                  name={null}
                  role="img"
                  title="Move"
                  viewBox="0 0 24 24"
                  width="24px"
                  xmlns="http://www.w3.org/2000/svg"
                >
                  <title
                    id="eds-unfold_more-13"
                  >
                    Move
                  </title>
                  <path
                    className="sc-fKFyDc"
                    clipRule="evenodd"
                    d="M15.17 9L12 5.83 8.83 9 7.41 7.59 12 3l4.58 4.59L15.17 9zm-6.34 6L12 18.17 15.17 15l1.42 1.41L12 21l-4.58-4.59L8.83 15z"
                    data-testid="eds-icon-path"
                    fillRule="evenodd"
                    height="24"
                    size={null}
                    transform={null}
                  />
                </svg>
              </div>
              <div
                className="info"
              >
                <p
                  className="sc-hKgILt bCyDSy"
                >
                  Item 3
                </p>
                <p
                  className="sc-hKgILt dMHJLh"
                >
                  Subtitle 3
                </p>
              </div>
            </div>
            <div
              className="iconCol"
            >
              <button
                className="iconButton"
                onClick={[Function]}
              >
                <svg
                  aria-labelledby="eds-more_vertical-14"
                  className="sc-kfzAmx blqdWU"
                  fill="#007079"
                  height="24px"
                  name={null}
                  role="img"
                  title="Expand"
                  viewBox="0 0 24 24"
                  width="24px"
                  xmlns="http://www.w3.org/2000/svg"
                >
                  <title
                    id="eds-more_vertical-14"
                  >
                    Expand
                  </title>
                  <path
                    className="sc-fKFyDc"
                    clipRule="evenodd"
                    d="M12 8c1.1 0 2-.9 2-2s-.9-2-2-2-2 .9-2 2 .9 2 2 2zm0 2c-1.1 0-2 .9-2 2s.9 2 2 2 2-.9 2-2-.9-2-2-2zm-2 8c0-1.1.9-2 2-2s2 .9 2 2-.9 2-2 2-2-.9-2-2z"
                    data-testid="eds-icon-path"
                    fillRule="evenodd"
                    height="24"
                    size={null}
                    transform={null}
                  />
                </svg>
              </button>
            </div>
          </div>
        </div>
      </div>
      <div
        className="globalDraggableHandle"
        data-id="4"
      >
        <div
          className="wrapper"
        >
          <div
            className="row"
          >
            <div
              className="infoCol"
            >
              <div
                className="draggable"
              >
                <svg
                  aria-labelledby="eds-unfold_more-15"
                  className="sc-kfzAmx blqdWU"
                  fill="#007079"
                  height="24px"
                  name={null}
                  role="img"
                  title="Move"
                  viewBox="0 0 24 24"
                  width="24px"
                  xmlns="http://www.w3.org/2000/svg"
                >
                  <title
                    id="eds-unfold_more-15"
                  >
                    Move
                  </title>
                  <path
                    className="sc-fKFyDc"
                    clipRule="evenodd"
                    d="M15.17 9L12 5.83 8.83 9 7.41 7.59 12 3l4.58 4.59L15.17 9zm-6.34 6L12 18.17 15.17 15l1.42 1.41L12 21l-4.58-4.59L8.83 15z"
                    data-testid="eds-icon-path"
                    fillRule="evenodd"
                    height="24"
                    size={null}
                    transform={null}
                  />
                </svg>
              </div>
              <div
                className="info"
              >
                <p
                  className="sc-hKgILt bCyDSy"
                >
                  Item 4
                </p>
                <p
                  className="sc-hKgILt dMHJLh"
                >
                  Subtitle 4
                </p>
              </div>
            </div>
            <div
              className="iconCol"
            >
              <button
                className="iconButton"
                onClick={[MockFunction]}
              >
                <svg
                  aria-labelledby="eds-link-16"
                  className="sc-kfzAmx blqdWU"
                  fill="#007079"
                  height="24px"
                  name={null}
                  role="img"
                  title="link"
                  viewBox="0 0 24 24"
                  width="24px"
                  xmlns="http://www.w3.org/2000/svg"
                >
                  <title
                    id="eds-link-16"
                  >
                    link
                  </title>
                  <path
                    className="sc-fKFyDc"
                    clipRule="evenodd"
                    d="M11 15H7c-1.65 0-3-1.35-3-3s1.35-3 3-3h4V7H7c-2.76 0-5 2.24-5 5s2.24 5 5 5h4v-2zm6-8h-4v2h4c1.65 0 3 1.35 3 3s-1.35 3-3 3h-4v2h4c2.76 0 5-2.24 5-5s-2.24-5-5-5zm-1 4H8v2h8v-2z"
                    data-testid="eds-icon-path"
                    fillRule="evenodd"
                    height="24"
                    size={null}
                    transform={null}
                  />
                </svg>
              </button>
              <button
                className="iconButton"
                onClick={[MockFunction]}
              >
                <svg
                  aria-labelledby="eds-delete_to_trash-17"
                  className="sc-kfzAmx blqdWU"
                  fill="#007079"
                  height="24px"
                  name={null}
                  role="img"
                  title="delete_to_trash"
                  viewBox="0 0 24 24"
                  width="24px"
                  xmlns="http://www.w3.org/2000/svg"
                >
                  <title
                    id="eds-delete_to_trash-17"
                  >
                    delete_to_trash
                  </title>
                  <path
                    className="sc-fKFyDc"
                    clipRule="evenodd"
                    d="M14.5 3h-5l-1 1H5v2h14V4h-3.5l-1-1zM16 9v10H8V9h8zM6 7h12v12c0 1.1-.9 2-2 2H8c-1.1 0-2-.9-2-2V7z"
                    data-testid="eds-icon-path"
                    fillRule="evenodd"
                    height="24"
                    size={null}
                    transform={null}
                  />
                </svg>
              </button>
              <button
                className="iconButton"
                onClick={[Function]}
              >
                <svg
                  aria-labelledby="eds-more_vertical-18"
                  className="sc-kfzAmx blqdWU"
                  fill="#007079"
                  height="24px"
                  name={null}
                  role="img"
                  title="Expand"
                  viewBox="0 0 24 24"
                  width="24px"
                  xmlns="http://www.w3.org/2000/svg"
                >
                  <title
                    id="eds-more_vertical-18"
                  >
                    Expand
                  </title>
                  <path
                    className="sc-fKFyDc"
                    clipRule="evenodd"
                    d="M12 8c1.1 0 2-.9 2-2s-.9-2-2-2-2 .9-2 2 .9 2 2 2zm0 2c-1.1 0-2 .9-2 2s.9 2 2 2 2-.9 2-2-.9-2-2-2zm-2 8c0-1.1.9-2 2-2s2 .9 2 2-.9 2-2 2-2-.9-2-2z"
                    data-testid="eds-icon-path"
                    fillRule="evenodd"
                    height="24"
                    size={null}
                    transform={null}
                  />
                </svg>
              </button>
            </div>
          </div>
        </div>
      </div>
    </div>
  </div>
</div>
`;
